#! /usr/local/Cellar/icarus-verilog/13.0/bin/vvp
:ivl_version "13.0 (stable)" "(v13_0)";
:ivl_delay_selection "TYPICAL";
:vpi_time_precision - 12;
:vpi_module "/usr/local/Cellar/icarus-verilog/13.0/lib/ivl/system.vpi";
:vpi_module "/usr/local/Cellar/icarus-verilog/13.0/lib/ivl/vhdl_sys.vpi";
:vpi_module "/usr/local/Cellar/icarus-verilog/13.0/lib/ivl/vhdl_textio.vpi";
:vpi_module "/usr/local/Cellar/icarus-verilog/13.0/lib/ivl/v2005_math.vpi";
:vpi_module "/usr/local/Cellar/icarus-verilog/13.0/lib/ivl/va_math.vpi";
S_0x7fe2ab709db0 .scope module, "tb_Mux4to1b4" "tb_Mux4to1b4" 2 3;
 .timescale -9 -12;
v0x7fe2ab71e2c0_0 .var "D0", 3 0;
v0x7fe2ab71e370_0 .var "D1", 3 0;
v0x7fe2ab71e400_0 .var "D2", 3 0;
v0x7fe2ab71e4d0_0 .var "D3", 3 0;
v0x7fe2ab71e580_0 .var "S", 1 0;
v0x7fe2ab71e650_0 .net "Y", 3 0, v0x7fe2ab71e180_0;  1 drivers
S_0x7fe2ab7076f0 .scope module, "uut" "Mux4to1b4" 2 12, 3 1 0, S_0x7fe2ab709db0;
 .timescale 0 0;
    .port_info 0 /INPUT 2 "S";
    .port_info 1 /INPUT 4 "D0";
    .port_info 2 /INPUT 4 "D1";
    .port_info 3 /INPUT 4 "D2";
    .port_info 4 /INPUT 4 "D3";
    .port_info 5 /OUTPUT 4 "Y";
v0x7fe2ab707860_0 .net "D0", 3 0, v0x7fe2ab71e2c0_0;  1 drivers
v0x7fe2ab71de90_0 .net "D1", 3 0, v0x7fe2ab71e370_0;  1 drivers
v0x7fe2ab71df30_0 .net "D2", 3 0, v0x7fe2ab71e400_0;  1 drivers
v0x7fe2ab71dfe0_0 .net "D3", 3 0, v0x7fe2ab71e4d0_0;  1 drivers
v0x7fe2ab71e090_0 .net "S", 1 0, v0x7fe2ab71e580_0;  1 drivers
v0x7fe2ab71e180_0 .var "Y", 3 0;
E_0x7fe2ab70acc0/0 .event anyedge, v0x7fe2ab71e090_0, v0x7fe2ab707860_0, v0x7fe2ab71de90_0, v0x7fe2ab71df30_0;
E_0x7fe2ab70acc0/1 .event anyedge, v0x7fe2ab71dfe0_0;
E_0x7fe2ab70acc0 .event/or E_0x7fe2ab70acc0/0, E_0x7fe2ab70acc0/1;
    .scope S_0x7fe2ab7076f0;
T_0 ;
    %wait E_0x7fe2ab70acc0;
    %load/vec4 v0x7fe2ab71e090_0;
    %dup/vec4;
    %pushi/vec4 0, 0, 2;
    %cmp/u;
    %jmp/1 T_0.0, 6;
    %dup/vec4;
    %pushi/vec4 1, 0, 2;
    %cmp/u;
    %jmp/1 T_0.1, 6;
    %dup/vec4;
    %pushi/vec4 2, 0, 2;
    %cmp/u;
    %jmp/1 T_0.2, 6;
    %dup/vec4;
    %pushi/vec4 3, 0, 2;
    %cmp/u;
    %jmp/1 T_0.3, 6;
    %pushi/vec4 0, 0, 4;
    %store/vec4 v0x7fe2ab71e180_0, 0, 4;
    %jmp T_0.5;
T_0.0 ;
    %load/vec4 v0x7fe2ab707860_0;
    %store/vec4 v0x7fe2ab71e180_0, 0, 4;
    %jmp T_0.5;
T_0.1 ;
    %load/vec4 v0x7fe2ab71de90_0;
    %store/vec4 v0x7fe2ab71e180_0, 0, 4;
    %jmp T_0.5;
T_0.2 ;
    %load/vec4 v0x7fe2ab71df30_0;
    %store/vec4 v0x7fe2ab71e180_0, 0, 4;
    %jmp T_0.5;
T_0.3 ;
    %load/vec4 v0x7fe2ab71dfe0_0;
    %store/vec4 v0x7fe2ab71e180_0, 0, 4;
    %jmp T_0.5;
T_0.5 ;
    %pop/vec4 1;
    %jmp T_0;
    .thread T_0, $push;
    .scope S_0x7fe2ab709db0;
T_1 ;
    %vpi_call 2 22 "$dumpfile", "wave.vcd" {0 0 0};
    %vpi_call 2 23 "$dumpvars", 32'sb00000000000000000000000000000000, S_0x7fe2ab709db0 {0 0 0};
    %pushi/vec4 10, 0, 4;
    %store/vec4 v0x7fe2ab71e2c0_0, 0, 4;
    %pushi/vec4 11, 0, 4;
    %store/vec4 v0x7fe2ab71e370_0, 0, 4;
    %pushi/vec4 12, 0, 4;
    %store/vec4 v0x7fe2ab71e400_0, 0, 4;
    %pushi/vec4 13, 0, 4;
    %store/vec4 v0x7fe2ab71e4d0_0, 0, 4;
    %pushi/vec4 0, 0, 2;
    %store/vec4 v0x7fe2ab71e580_0, 0, 2;
    %delay 10000, 0;
    %pushi/vec4 1, 0, 2;
    %store/vec4 v0x7fe2ab71e580_0, 0, 2;
    %delay 10000, 0;
    %pushi/vec4 2, 0, 2;
    %store/vec4 v0x7fe2ab71e580_0, 0, 2;
    %delay 10000, 0;
    %pushi/vec4 3, 0, 2;
    %store/vec4 v0x7fe2ab71e580_0, 0, 2;
    %delay 10000, 0;
    %delay 10000, 0;
    %vpi_call 2 38 "$finish" {0 0 0};
    %end;
    .thread T_1;
# The file index is used to find the file name in the following table.
:file_names 4;
    "N/A";
    "<interactive>";
    "tb_Mux4to1b4.v";
    "Mux4to1b4.v";
