#! /usr/local/Cellar/icarus-verilog/13.0/bin/vvp
:ivl_version "13.0 (stable)" "(v13_0)";
:ivl_delay_selection "TYPICAL";
:vpi_time_precision + 0;
:vpi_module "/usr/local/Cellar/icarus-verilog/13.0/lib/ivl/system.vpi";
:vpi_module "/usr/local/Cellar/icarus-verilog/13.0/lib/ivl/vhdl_sys.vpi";
:vpi_module "/usr/local/Cellar/icarus-verilog/13.0/lib/ivl/vhdl_textio.vpi";
:vpi_module "/usr/local/Cellar/icarus-verilog/13.0/lib/ivl/v2005_math.vpi";
:vpi_module "/usr/local/Cellar/icarus-verilog/13.0/lib/ivl/va_math.vpi";
S_0x7fc0d5810640 .scope module, "adder_sub_tb" "adder_sub_tb" 2 1;
 .timescale 0 0;
v0x7fc0d5829cf0_0 .var "A", 3 0;
v0x7fc0d5829da0_0 .var "B", 3 0;
v0x7fc0d5829e30_0 .net "S", 3 0, L_0x7fc0d582c0e0;  1 drivers
v0x7fc0d5829f00_0 .net "cout", 0 0, L_0x7fc0d582bd60;  1 drivers
v0x7fc0d5829fd0_0 .var "sub", 0 0;
S_0x7fc0d5816f90 .scope module, "uut" "adder_sub_4bit" 2 7, 3 1 0, S_0x7fc0d5810640;
 .timescale 0 0;
    .port_info 0 /INPUT 4 "A";
    .port_info 1 /INPUT 4 "B";
    .port_info 2 /INPUT 1 "sub";
    .port_info 3 /OUTPUT 4 "S";
    .port_info 4 /OUTPUT 1 "cout";
L_0x7fc0d582a180 .functor XOR 4, v0x7fc0d5829da0_0, L_0x7fc0d582a0e0, C4<0000>, C4<0000>;
v0x7fc0d5829580_0 .net "A", 3 0, v0x7fc0d5829cf0_0;  1 drivers
v0x7fc0d5829610_0 .net "B", 3 0, v0x7fc0d5829da0_0;  1 drivers
v0x7fc0d58296a0_0 .net "S", 3 0, L_0x7fc0d582c0e0;  alias, 1 drivers
v0x7fc0d5829740_0 .net *"_ivl_1", 3 0, L_0x7fc0d582a0e0;  1 drivers
v0x7fc0d58297f0_0 .net "b_xor", 3 0, L_0x7fc0d582a180;  1 drivers
v0x7fc0d58298e0_0 .net "c1", 0 0, L_0x7fc0d582a710;  1 drivers
v0x7fc0d58299b0_0 .net "c2", 0 0, L_0x7fc0d582ae80;  1 drivers
v0x7fc0d5829a80_0 .net "c3", 0 0, L_0x7fc0d582b5b0;  1 drivers
v0x7fc0d5829b50_0 .net "cout", 0 0, L_0x7fc0d582bd60;  alias, 1 drivers
v0x7fc0d5829c60_0 .net "sub", 0 0, v0x7fc0d5829fd0_0;  1 drivers
L_0x7fc0d582a0e0 .repeat 4, 4, v0x7fc0d5829fd0_0;
L_0x7fc0d582a800 .part v0x7fc0d5829cf0_0, 0, 1;
L_0x7fc0d582a920 .part L_0x7fc0d582a180, 0, 1;
L_0x7fc0d582af70 .part v0x7fc0d5829cf0_0, 1, 1;
L_0x7fc0d582b090 .part L_0x7fc0d582a180, 1, 1;
L_0x7fc0d582b6a0 .part v0x7fc0d5829cf0_0, 2, 1;
L_0x7fc0d582b840 .part L_0x7fc0d582a180, 2, 1;
L_0x7fc0d582be50 .part v0x7fc0d5829cf0_0, 3, 1;
L_0x7fc0d582bf70 .part L_0x7fc0d582a180, 3, 1;
L_0x7fc0d582c0e0 .concat8 [ 1 1 1 1], L_0x7fc0d582a320, L_0x7fc0d582aab0, L_0x7fc0d582b220, L_0x7fc0d582ba50;
S_0x7fc0d5817df0 .scope module, "fa0" "full_adder" 3 10, 4 1 0, S_0x7fc0d5816f90;
 .timescale 0 0;
    .port_info 0 /INPUT 1 "a";
    .port_info 1 /INPUT 1 "b";
    .port_info 2 /INPUT 1 "cin";
    .port_info 3 /OUTPUT 1 "sum";
    .port_info 4 /OUTPUT 1 "cout";
L_0x7fc0d582a270 .functor XOR 1, L_0x7fc0d582a800, L_0x7fc0d582a920, C4<0>, C4<0>;
L_0x7fc0d582a320 .functor XOR 1, L_0x7fc0d582a270, v0x7fc0d5829fd0_0, C4<0>, C4<0>;
L_0x7fc0d582a490 .functor AND 1, L_0x7fc0d582a800, L_0x7fc0d582a920, C4<1>, C4<1>;
L_0x7fc0d582a560 .functor XOR 1, L_0x7fc0d582a800, L_0x7fc0d582a920, C4<0>, C4<0>;
L_0x7fc0d582a5f0 .functor AND 1, v0x7fc0d5829fd0_0, L_0x7fc0d582a560, C4<1>, C4<1>;
L_0x7fc0d582a710 .functor OR 1, L_0x7fc0d582a490, L_0x7fc0d582a5f0, C4<0>, C4<0>;
v0x7fc0d5806aa0_0 .net *"_ivl_0", 0 0, L_0x7fc0d582a270;  1 drivers
v0x7fc0d5827370_0 .net *"_ivl_4", 0 0, L_0x7fc0d582a490;  1 drivers
v0x7fc0d5827410_0 .net *"_ivl_6", 0 0, L_0x7fc0d582a560;  1 drivers
v0x7fc0d58274c0_0 .net *"_ivl_8", 0 0, L_0x7fc0d582a5f0;  1 drivers
v0x7fc0d5827570_0 .net "a", 0 0, L_0x7fc0d582a800;  1 drivers
v0x7fc0d5827650_0 .net "b", 0 0, L_0x7fc0d582a920;  1 drivers
v0x7fc0d58276f0_0 .net "cin", 0 0, v0x7fc0d5829fd0_0;  alias, 1 drivers
v0x7fc0d5827790_0 .net "cout", 0 0, L_0x7fc0d582a710;  alias, 1 drivers
v0x7fc0d5827830_0 .net "sum", 0 0, L_0x7fc0d582a320;  1 drivers
S_0x7fc0d58279b0 .scope module, "fa1" "full_adder" 3 11, 4 1 0, S_0x7fc0d5816f90;
 .timescale 0 0;
    .port_info 0 /INPUT 1 "a";
    .port_info 1 /INPUT 1 "b";
    .port_info 2 /INPUT 1 "cin";
    .port_info 3 /OUTPUT 1 "sum";
    .port_info 4 /OUTPUT 1 "cout";
L_0x7fc0d582aa40 .functor XOR 1, L_0x7fc0d582af70, L_0x7fc0d582b090, C4<0>, C4<0>;
L_0x7fc0d582aab0 .functor XOR 1, L_0x7fc0d582aa40, L_0x7fc0d582a710, C4<0>, C4<0>;
L_0x7fc0d582ac00 .functor AND 1, L_0x7fc0d582af70, L_0x7fc0d582b090, C4<1>, C4<1>;
L_0x7fc0d582acd0 .functor XOR 1, L_0x7fc0d582af70, L_0x7fc0d582b090, C4<0>, C4<0>;
L_0x7fc0d582ad60 .functor AND 1, L_0x7fc0d582a710, L_0x7fc0d582acd0, C4<1>, C4<1>;
L_0x7fc0d582ae80 .functor OR 1, L_0x7fc0d582ac00, L_0x7fc0d582ad60, C4<0>, C4<0>;
v0x7fc0d5827c10_0 .net *"_ivl_0", 0 0, L_0x7fc0d582aa40;  1 drivers
v0x7fc0d5827ca0_0 .net *"_ivl_4", 0 0, L_0x7fc0d582ac00;  1 drivers
v0x7fc0d5827d40_0 .net *"_ivl_6", 0 0, L_0x7fc0d582acd0;  1 drivers
v0x7fc0d5827e00_0 .net *"_ivl_8", 0 0, L_0x7fc0d582ad60;  1 drivers
v0x7fc0d5827eb0_0 .net "a", 0 0, L_0x7fc0d582af70;  1 drivers
v0x7fc0d5827f90_0 .net "b", 0 0, L_0x7fc0d582b090;  1 drivers
v0x7fc0d5828030_0 .net "cin", 0 0, L_0x7fc0d582a710;  alias, 1 drivers
v0x7fc0d58280c0_0 .net "cout", 0 0, L_0x7fc0d582ae80;  alias, 1 drivers
v0x7fc0d5828150_0 .net "sum", 0 0, L_0x7fc0d582aab0;  1 drivers
S_0x7fc0d58282f0 .scope module, "fa2" "full_adder" 3 12, 4 1 0, S_0x7fc0d5816f90;
 .timescale 0 0;
    .port_info 0 /INPUT 1 "a";
    .port_info 1 /INPUT 1 "b";
    .port_info 2 /INPUT 1 "cin";
    .port_info 3 /OUTPUT 1 "sum";
    .port_info 4 /OUTPUT 1 "cout";
L_0x7fc0d582b1b0 .functor XOR 1, L_0x7fc0d582b6a0, L_0x7fc0d582b840, C4<0>, C4<0>;
L_0x7fc0d582b220 .functor XOR 1, L_0x7fc0d582b1b0, L_0x7fc0d582ae80, C4<0>, C4<0>;
L_0x7fc0d582b350 .functor AND 1, L_0x7fc0d582b6a0, L_0x7fc0d582b840, C4<1>, C4<1>;
L_0x7fc0d582b400 .functor XOR 1, L_0x7fc0d582b6a0, L_0x7fc0d582b840, C4<0>, C4<0>;
L_0x7fc0d582b490 .functor AND 1, L_0x7fc0d582ae80, L_0x7fc0d582b400, C4<1>, C4<1>;
L_0x7fc0d582b5b0 .functor OR 1, L_0x7fc0d582b350, L_0x7fc0d582b490, C4<0>, C4<0>;
v0x7fc0d5828550_0 .net *"_ivl_0", 0 0, L_0x7fc0d582b1b0;  1 drivers
v0x7fc0d58285e0_0 .net *"_ivl_4", 0 0, L_0x7fc0d582b350;  1 drivers
v0x7fc0d5828690_0 .net *"_ivl_6", 0 0, L_0x7fc0d582b400;  1 drivers
v0x7fc0d5828750_0 .net *"_ivl_8", 0 0, L_0x7fc0d582b490;  1 drivers
v0x7fc0d5828800_0 .net "a", 0 0, L_0x7fc0d582b6a0;  1 drivers
v0x7fc0d58288e0_0 .net "b", 0 0, L_0x7fc0d582b840;  1 drivers
v0x7fc0d5828980_0 .net "cin", 0 0, L_0x7fc0d582ae80;  alias, 1 drivers
v0x7fc0d5828a10_0 .net "cout", 0 0, L_0x7fc0d582b5b0;  alias, 1 drivers
v0x7fc0d5828aa0_0 .net "sum", 0 0, L_0x7fc0d582b220;  1 drivers
S_0x7fc0d5828c40 .scope module, "fa3" "full_adder" 3 13, 4 1 0, S_0x7fc0d5816f90;
 .timescale 0 0;
    .port_info 0 /INPUT 1 "a";
    .port_info 1 /INPUT 1 "b";
    .port_info 2 /INPUT 1 "cin";
    .port_info 3 /OUTPUT 1 "sum";
    .port_info 4 /OUTPUT 1 "cout";
L_0x7fc0d582b9e0 .functor XOR 1, L_0x7fc0d582be50, L_0x7fc0d582bf70, C4<0>, C4<0>;
L_0x7fc0d582ba50 .functor XOR 1, L_0x7fc0d582b9e0, L_0x7fc0d582b5b0, C4<0>, C4<0>;
L_0x7fc0d582bb40 .functor AND 1, L_0x7fc0d582be50, L_0x7fc0d582bf70, C4<1>, C4<1>;
L_0x7fc0d582bbb0 .functor XOR 1, L_0x7fc0d582be50, L_0x7fc0d582bf70, C4<0>, C4<0>;
L_0x7fc0d582bc40 .functor AND 1, L_0x7fc0d582b5b0, L_0x7fc0d582bbb0, C4<1>, C4<1>;
L_0x7fc0d582bd60 .functor OR 1, L_0x7fc0d582bb40, L_0x7fc0d582bc40, C4<0>, C4<0>;
v0x7fc0d5828ea0_0 .net *"_ivl_0", 0 0, L_0x7fc0d582b9e0;  1 drivers
v0x7fc0d5828f30_0 .net *"_ivl_4", 0 0, L_0x7fc0d582bb40;  1 drivers
v0x7fc0d5828fd0_0 .net *"_ivl_6", 0 0, L_0x7fc0d582bbb0;  1 drivers
v0x7fc0d5829090_0 .net *"_ivl_8", 0 0, L_0x7fc0d582bc40;  1 drivers
v0x7fc0d5829140_0 .net "a", 0 0, L_0x7fc0d582be50;  1 drivers
v0x7fc0d5829220_0 .net "b", 0 0, L_0x7fc0d582bf70;  1 drivers
v0x7fc0d58292c0_0 .net "cin", 0 0, L_0x7fc0d582b5b0;  alias, 1 drivers
v0x7fc0d5829350_0 .net "cout", 0 0, L_0x7fc0d582bd60;  alias, 1 drivers
v0x7fc0d58293e0_0 .net "sum", 0 0, L_0x7fc0d582ba50;  1 drivers
    .scope S_0x7fc0d5810640;
T_0 ;
    %vpi_call 2 10 "$dumpfile", "adder_sub.vcd" {0 0 0};
    %vpi_call 2 11 "$dumpvars", 32'sb00000000000000000000000000000000, S_0x7fc0d5810640 {0 0 0};
    %pushi/vec4 0, 0, 1;
    %store/vec4 v0x7fc0d5829fd0_0, 0, 1;
    %pushi/vec4 5, 0, 4;
    %store/vec4 v0x7fc0d5829cf0_0, 0, 4;
    %pushi/vec4 3, 0, 4;
    %store/vec4 v0x7fc0d5829da0_0, 0, 4;
    %delay 10, 0;
    %pushi/vec4 0, 0, 1;
    %store/vec4 v0x7fc0d5829fd0_0, 0, 1;
    %pushi/vec4 15, 0, 4;
    %store/vec4 v0x7fc0d5829cf0_0, 0, 4;
    %pushi/vec4 1, 0, 4;
    %store/vec4 v0x7fc0d5829da0_0, 0, 4;
    %delay 10, 0;
    %pushi/vec4 1, 0, 1;
    %store/vec4 v0x7fc0d5829fd0_0, 0, 1;
    %pushi/vec4 10, 0, 4;
    %store/vec4 v0x7fc0d5829cf0_0, 0, 4;
    %pushi/vec4 4, 0, 4;
    %store/vec4 v0x7fc0d5829da0_0, 0, 4;
    %delay 10, 0;
    %pushi/vec4 1, 0, 1;
    %store/vec4 v0x7fc0d5829fd0_0, 0, 1;
    %pushi/vec4 3, 0, 4;
    %store/vec4 v0x7fc0d5829cf0_0, 0, 4;
    %pushi/vec4 5, 0, 4;
    %store/vec4 v0x7fc0d5829da0_0, 0, 4;
    %delay 10, 0;
    %vpi_call 2 17 "$finish" {0 0 0};
    %end;
    .thread T_0;
# The file index is used to find the file name in the following table.
:file_names 5;
    "N/A";
    "<interactive>";
    "adder_sub_tb.v";
    "adder_sub_4bit.v";
    "full_adder.v";
