#! /usr/local/Cellar/icarus-verilog/13.0/bin/vvp
:ivl_version "13.0 (stable)" "(v13_0)";
:ivl_delay_selection "TYPICAL";
:vpi_time_precision - 12;
:vpi_module "/usr/local/Cellar/icarus-verilog/13.0/lib/ivl/system.vpi";
:vpi_module "/usr/local/Cellar/icarus-verilog/13.0/lib/ivl/vhdl_sys.vpi";
:vpi_module "/usr/local/Cellar/icarus-verilog/13.0/lib/ivl/vhdl_textio.vpi";
:vpi_module "/usr/local/Cellar/icarus-verilog/13.0/lib/ivl/v2005_math.vpi";
:vpi_module "/usr/local/Cellar/icarus-verilog/13.0/lib/ivl/va_math.vpi";
S_0x7ff7a1104b70 .scope module, "ALU_tb" "ALU_tb" 2 2;
 .timescale -9 -12;
v0x7ff7a1115420_0 .var "A", 3 0;
v0x7ff7a11154d0_0 .var "B", 3 0;
v0x7ff7a1115560_0 .net "Cout", 0 0, L_0x7ff7a1115890;  1 drivers
v0x7ff7a1115630_0 .var "op", 1 0;
v0x7ff7a11156e0_0 .net "res", 3 0, L_0x7ff7a11157b0;  1 drivers
S_0x7ff7a1104ce0 .scope module, "uut" "ALU" 2 8, 3 1 0, S_0x7ff7a1104b70;
 .timescale 0 0;
    .port_info 0 /INPUT 4 "A";
    .port_info 1 /INPUT 4 "B";
    .port_info 2 /INPUT 2 "op";
    .port_info 3 /OUTPUT 4 "res";
    .port_info 4 /OUTPUT 1 "Cout";
v0x7ff7a1104f30_0 .net "A", 3 0, v0x7ff7a1115420_0;  1 drivers
v0x7ff7a1114ff0_0 .net "B", 3 0, v0x7ff7a11154d0_0;  1 drivers
v0x7ff7a11150a0_0 .net "Cout", 0 0, L_0x7ff7a1115890;  alias, 1 drivers
v0x7ff7a1115150_0 .net "op", 1 0, v0x7ff7a1115630_0;  1 drivers
v0x7ff7a1115200_0 .net "res", 3 0, L_0x7ff7a11157b0;  alias, 1 drivers
v0x7ff7a11152f0_0 .var "temp", 4 0;
E_0x7ff7a1104ef0 .event anyedge, v0x7ff7a1115150_0, v0x7ff7a1104f30_0, v0x7ff7a1114ff0_0;
L_0x7ff7a11157b0 .part v0x7ff7a11152f0_0, 0, 4;
L_0x7ff7a1115890 .part v0x7ff7a11152f0_0, 4, 1;
    .scope S_0x7ff7a1104ce0;
T_0 ;
    %wait E_0x7ff7a1104ef0;
    %load/vec4 v0x7ff7a1115150_0;
    %dup/vec4;
    %pushi/vec4 0, 0, 2;
    %cmp/u;
    %jmp/1 T_0.0, 6;
    %dup/vec4;
    %pushi/vec4 1, 0, 2;
    %cmp/u;
    %jmp/1 T_0.1, 6;
    %dup/vec4;
    %pushi/vec4 2, 0, 2;
    %cmp/u;
    %jmp/1 T_0.2, 6;
    %dup/vec4;
    %pushi/vec4 3, 0, 2;
    %cmp/u;
    %jmp/1 T_0.3, 6;
    %pushi/vec4 0, 0, 5;
    %store/vec4 v0x7ff7a11152f0_0, 0, 5;
    %jmp T_0.5;
T_0.0 ;
    %load/vec4 v0x7ff7a1104f30_0;
    %pad/u 5;
    %load/vec4 v0x7ff7a1114ff0_0;
    %pad/u 5;
    %add;
    %store/vec4 v0x7ff7a11152f0_0, 0, 5;
    %jmp T_0.5;
T_0.1 ;
    %load/vec4 v0x7ff7a1104f30_0;
    %pad/u 5;
    %load/vec4 v0x7ff7a1114ff0_0;
    %pad/u 5;
    %sub;
    %store/vec4 v0x7ff7a11152f0_0, 0, 5;
    %jmp T_0.5;
T_0.2 ;
    %pushi/vec4 0, 0, 1;
    %load/vec4 v0x7ff7a1104f30_0;
    %load/vec4 v0x7ff7a1114ff0_0;
    %and;
    %concat/vec4; draw_concat_vec4
    %store/vec4 v0x7ff7a11152f0_0, 0, 5;
    %jmp T_0.5;
T_0.3 ;
    %pushi/vec4 0, 0, 1;
    %load/vec4 v0x7ff7a1104f30_0;
    %load/vec4 v0x7ff7a1114ff0_0;
    %or;
    %concat/vec4; draw_concat_vec4
    %store/vec4 v0x7ff7a11152f0_0, 0, 5;
    %jmp T_0.5;
T_0.5 ;
    %pop/vec4 1;
    %jmp T_0;
    .thread T_0, $push;
    .scope S_0x7ff7a1104b70;
T_1 ;
    %vpi_call 2 11 "$dumpfile", "ALU.vcd" {0 0 0};
    %vpi_call 2 12 "$dumpvars", 32'sb00000000000000000000000000000000, S_0x7ff7a1104b70 {0 0 0};
    %pushi/vec4 0, 0, 2;
    %store/vec4 v0x7ff7a1115630_0, 0, 2;
    %pushi/vec4 15, 0, 4;
    %store/vec4 v0x7ff7a1115420_0, 0, 4;
    %pushi/vec4 1, 0, 4;
    %store/vec4 v0x7ff7a11154d0_0, 0, 4;
    %delay 10000, 0;
    %pushi/vec4 1, 0, 2;
    %store/vec4 v0x7ff7a1115630_0, 0, 2;
    %pushi/vec4 10, 0, 4;
    %store/vec4 v0x7ff7a1115420_0, 0, 4;
    %pushi/vec4 4, 0, 4;
    %store/vec4 v0x7ff7a11154d0_0, 0, 4;
    %delay 10000, 0;
    %pushi/vec4 2, 0, 2;
    %store/vec4 v0x7ff7a1115630_0, 0, 2;
    %pushi/vec4 12, 0, 4;
    %store/vec4 v0x7ff7a1115420_0, 0, 4;
    %pushi/vec4 10, 0, 4;
    %store/vec4 v0x7ff7a11154d0_0, 0, 4;
    %delay 10000, 0;
    %pushi/vec4 3, 0, 2;
    %store/vec4 v0x7ff7a1115630_0, 0, 2;
    %pushi/vec4 12, 0, 4;
    %store/vec4 v0x7ff7a1115420_0, 0, 4;
    %pushi/vec4 10, 0, 4;
    %store/vec4 v0x7ff7a11154d0_0, 0, 4;
    %delay 10000, 0;
    %vpi_call 2 22 "$finish" {0 0 0};
    %end;
    .thread T_1;
# The file index is used to find the file name in the following table.
:file_names 4;
    "N/A";
    "<interactive>";
    "ALU_tb.v";
    "ALU.v";
